%!Adobe-FontList 1.14
%Locale:0x409

%BeginFont
Handler:DirectoryHandler
FontType:Invalid
OutlineFileName:D:\Chandan\Mail Downlodes\sms site\Font\entypo (2).eot
FileModTime:1372700454
%EndFont

%BeginFont
Handler:DirectoryHandler
FontType:Invalid
OutlineFileName:D:\Chandan\Mail Downlodes\sms site\Font\entypo-social (2).eot
FileModTime:1372700454
%EndFont

%BeginFont
Handler:DirectoryHandler
FontType:Invalid
OutlineFileName:D:\Chandan\Mail Downlodes\sms site\Font\entypo-social.eot
FileModTime:1372700454
%EndFont

%BeginFont
Handler:DirectoryHandler
FontType:Invalid
OutlineFileName:D:\Chandan\Mail Downlodes\sms site\Font\entypo-social.svg
FileModTime:1372700453
%EndFont

%BeginFont
Handler:DirectoryHandler
FontType:TrueType
FontName:EntypoSocial
FamilyName:Entypo Social
StyleName:Regular
FullName:EntypoSocial
MenuName:Entypo Social
StyleBits:0
WritingScript:Roman
OutlineFileName:D:\Chandan\Mail Downlodes\sms site\Font\entypo-social.ttf
DataFormat:sfntData
FileLength:10932
FileModTime:1372700454
WeightClass:400
WidthClass:5
AngleClass:0
%EndFont

%BeginFont
Handler:DirectoryHandler
FontType:Invalid
OutlineFileName:D:\Chandan\Mail Downlodes\sms site\Font\entypo-social.woff
FileModTime:1372700455
%EndFont

%BeginFont
Handler:DirectoryHandler
FontType:Invalid
OutlineFileName:D:\Chandan\Mail Downlodes\sms site\Font\entypo.eot
FileModTime:1372700455
%EndFont

%BeginFont
Handler:DirectoryHandler
FontType:Invalid
OutlineFileName:D:\Chandan\Mail Downlodes\sms site\Font\entypo.svg
FileModTime:1372700452
%EndFont

%BeginFont
Handler:DirectoryHandler
FontType:TrueType
FontName:Entypo
FamilyName:Entypo
StyleName:Regular
FullName:Entypo
MenuName:Entypo
StyleBits:0
WritingScript:Roman
OutlineFileName:D:\Chandan\Mail Downlodes\sms site\Font\entypo.ttf
DataFormat:sfntData
FileLength:35392
FileModTime:1372700455
WeightClass:400
WidthClass:5
AngleClass:0
%EndFont

%BeginFont
Handler:DirectoryHandler
FontType:Invalid
OutlineFileName:D:\Chandan\Mail Downlodes\sms site\Font\entypo.woff
FileModTime:1372700455
%EndFont

